// Jest Snapshot v1, https://goo.gl/fbAQLP

exports[`Image matches snapshot 1`] = `
<img
  alt="image"
  class="object-contain"
  src="/image.png"
/>
`;
