// Jest Snapshot v1, https://goo.gl/fbAQLP

exports[`Layout matches snapshot 1`] = `
<div>
  <header
    class="bg-primary-500 shadow z-10"
  >
    header
  </header>
  <article
    class="flex-1"
  >
    <main
      class="w-full"
    >
      main
    </main>
    <aside
      class="w-full lg:ml-8 lg:w-3/12 space-y-8"
    >
      aside
    </aside>
  </article>
  <footer
    class="border-t border-gray-300 bg-gray-200"
  >
    footer
  </footer>
</div>
`;
