// Jest Snapshot v1, https://goo.gl/fbAQLP

exports[`Banner matches snapshot 1`] = `
.c1 {
  display: -webkit-box;
  display: -webkit-flex;
  display: -ms-flexbox;
  display: flex;
  -webkit-align-items: center;
  -webkit-box-align: center;
  -ms-flex-align: center;
  align-items: center;
  -webkit-box-pack: justify;
  -webkit-justify-content: space-between;
  -ms-flex-pack: justify;
  justify-content: space-between;
  width: 1080px;
  margin: auto;
  color: white;
}

.c0 {
  background-color: #ffaa01;
  box-shadow: 0 0 3px rgba(255,170,1,0.84);
}

<header
  class="c0"
>
  <div
    class="c1"
  >
    Visible
  </div>
</header>
`;
