// Jest Snapshot v1, https://goo.gl/fbAQLP

exports[`Code matches snapshot 1`] = `
<pre
  style="display: block; overflow-x: auto; padding: 0.5em; background: rgb(240, 240, 240); color: rgb(68, 68, 68);"
>
  <code>
    <span>
      

    </span>
    <span>
          
    </span>
    <span
      class="hljs-function"
      style="font-weight: bold;"
    >
      function
    </span>
    <span
      class="hljs-function"
    >
       
    </span>
    <span
      class="hljs-function"
      style="color: rgb(136, 0, 0); font-weight: bold;"
    >
      main
    </span>
    <span
      class="hljs-function"
    >
      (
    </span>
    <span
      class="hljs-function hljs-params"
    >
      params = {}
    </span>
    <span
      class="hljs-function"
    >
      ) 
    </span>
    <span>
      {

    </span>
    <span>
            
    </span>
    <span
      style="font-weight: bold;"
    >
      var
    </span>
    <span>
       json = 
    </span>
    <span
      style="color: rgb(57, 115, 0);"
    >
      JSON
    </span>
    <span>
      .stringify(params);

    </span>
    <span>
            
    </span>
    <span
      style="color: rgb(57, 115, 0);"
    >
      console
    </span>
    <span>
      .log(json);

    </span>
        }

        

  </code>
</pre>
`;
