// Jest Snapshot v1, https://goo.gl/fbAQLP

exports[`Banner matches to the snapshot 1`] = `
.c0 {
  margin: 0;
  font-size: 21px;
}

.c0 img {
  display: -webkit-box;
  display: -webkit-flex;
  display: -ms-flexbox;
  display: flex;
  height: 1.5em;
  place-content: center;
  -webkit-transition: 0.15s ease-out;
  transition: 0.15s ease-out;
}

.c0 a:hover > img {
  -webkit-transition: 0.15s ease-in;
  transition: 0.15s ease-in;
  opacity: 0.8;
}

.c1 {
  display: -webkit-box !important;
  display: -webkit-flex !important;
  display: -ms-flexbox !important;
  display: flex !important;
  -webkit-align-items: center;
  -webkit-box-align: center;
  -ms-flex-align: center;
  align-items: center;
}

.c1 svg {
  margin-right: 0.5em;
}

<div>
  <header
    class="sc-AxiKw fwonqT"
  >
    <div
      class="kzGWpt"
    >
      <h1
        class="c0"
      >
        <a
          href="/"
        >
          <img
            alt="Visible"
            src="/static/logo-white.png"
          />
        </a>
      </h1>
      <ul
        class="sc-fzozJi csZgVm"
      >
        <li
          class="sc-fzpans jtJThK"
        >
          <a
            class="c1"
          >
            <svg
              fill="none"
              height="16"
              stroke="currentColor"
              stroke-linecap="round"
              stroke-linejoin="round"
              stroke-width="2"
              viewBox="0 0 24 24"
              width="16"
              xmlns="http://www.w3.org/2000/svg"
            >
              <path
                d="M3 9l9-7 9 7v11a2 2 0 0 1-2 2H5a2 2 0 0 1-2-2z"
              />
              <polyline
                points="9 22 9 12 15 12 15 22"
              />
            </svg>
            Home
          </a>
        </li>
        <li
          class="sc-fzpans jtJThK"
        >
          <a
            class="c1"
          >
            <svg
              fill="none"
              height="16"
              stroke="currentColor"
              stroke-linecap="round"
              stroke-linejoin="round"
              stroke-width="2"
              viewBox="0 0 24 24"
              width="16"
              xmlns="http://www.w3.org/2000/svg"
            >
              <path
                d="M18 8A6 6 0 0 0 6 8c0 7-3 9-3 9h18s-3-2-3-9"
              />
              <path
                d="M13.73 21a2 2 0 0 1-3.46 0"
              />
            </svg>
            Notifications
          </a>
        </li>
      </ul>
    </div>
  </header>
</div>
`;
