// Jest Snapshot v1, https://goo.gl/fbAQLP

exports[`List matches snapshot 1`] = `
.c0 {
  list-style-type: disc;
}

<ul
  class="c0"
/>
`;
