// Jest Snapshot v1, https://goo.gl/fbAQLP

exports[`Navigation matches snapshot 1`] = `
<ul
  class="sc-AxjAm kEtIvj"
>
  <li
    class="sc-AxiKw ZMdSr"
  >
    test
  </li>
</ul>
`;
