// Jest Snapshot v1, https://goo.gl/fbAQLP

exports[`Switch matches snapshot 1`] = `
<label
  class="inline-flex"
>
  <button
    aria-checked="false"
    class="rounded-full h-6 w-10 shadow-inner mr-2 relative transition-colors ease-in-out duration-150 outline-none focus:outline-none focus:shadow-outline bg-gray-500"
    role="switch"
  >
    <div
      aria-hidden="true"
      class="rounded-full bg-white w-4 h-4 shadow-md absolute top-0 bottom-0 my-auto mx-1 transition duration-150 ease-in-out right-auto"
    />
  </button>
  <div
    class="select-none"
  >
    test
  </div>
</label>
`;
