// Jest Snapshot v1, https://goo.gl/fbAQLP

exports[`Progress matches snapshot 1`] = `
.c0 {
  box-sizing: border-box;
  width: 100%;
  height: 8px;
  overflow: hidden;
  border-radius: 99px;
  background-color: #e6e6e6;
  box-shadow: inset 0 0 3px rgba(0,0,0,0.1);
}

.c1 {
  height: 100%;
  -webkit-transition: 0.15s ease-in;
  transition: 0.15s ease-in;
  -webkit-animation: fnSgxr 1.5s ease-in infinite;
  animation: fnSgxr 1.5s ease-in infinite;
  border-radius: 99px;
  background-color: #FF8C00;
  box-shadow: inset 0 0 8px #ffae00;
}

<div
  class="c0"
>
  <div
    class="c1"
    role="presentation"
    style="width: 50%;"
  />
</div>
`;
