// Jest Snapshot v1, https://goo.gl/fbAQLP

exports[`Search matches snapshot 1`] = `
<form
  class="sc-AxiKw hrzzKR"
  role="search"
>
  <input
    class="sc-AxirZ kJMMOm"
    type="text"
    value=""
  />
  <button
    class="sc-AxjAm czOMqH"
    type="submit"
  />
</form>
`;
