// Jest Snapshot v1, https://goo.gl/fbAQLP

exports[`Hidden matches snapshot 1`] = `
<div
  class="sr-only"
>
  This is only visible for screen readers
</div>
`;
