// Jest Snapshot v1, https://goo.gl/fbAQLP

exports[`Banner matches snapshot 1`] = `
<header
  class="sc-AxirZ gNWjkX"
>
  <div
    class="sc-AxjAm jnrFsG"
  >
    Visible
  </div>
</header>
`;
