// Jest Snapshot v1, https://goo.gl/fbAQLP

exports[`Typography matches snapshot 1`] = `
.c0 {
  font-size: 14px;
}

<span
  class="c0"
>
  foo
</span>
`;
