// Jest Snapshot v1, https://goo.gl/fbAQLP

exports[`App matches to the snapshot 1`] = `
.c0 {
  margin: 0;
  font-size: 21px;
}

.c0 img {
  display: -webkit-box;
  display: -webkit-flex;
  display: -ms-flexbox;
  display: flex;
  height: 1.5em;
  place-content: center;
  -webkit-transition: 0.15s ease-out;
  transition: 0.15s ease-out;
}

.c0 a:hover > img {
  -webkit-transition: 0.15s ease-in;
  transition: 0.15s ease-in;
  opacity: 0.8;
}

.c1 {
  display: -webkit-box !important;
  display: -webkit-flex !important;
  display: -ms-flexbox !important;
  display: flex !important;
  -webkit-align-items: center;
  -webkit-box-align: center;
  -ms-flex-align: center;
  align-items: center;
}

.c1 svg {
  margin-right: 0.5em;
}

.c2 {
  display: -webkit-box;
  display: -webkit-flex;
  display: -ms-flexbox;
  display: flex;
  -webkit-align-items: center;
  -webkit-box-align: center;
  -ms-flex-align: center;
  align-items: center;
  padding: 24px 0;
}

.c2 svg {
  margin-right: 0.5em;
}

<div>
  <div
    role="application"
  >
    <header
      class="fwonqT"
    >
      <div
        class="kzGWpt"
      >
        <h1
          class="c0"
        >
          <a
            href="/"
          >
            <img
              alt="Visible"
              src="/static/logo-white.png"
            />
          </a>
        </h1>
        <ul
          class="sc-fzozJi csZgVm"
        >
          <li
            class="sc-fzpans jtJThK"
          >
            <a
              class="c1"
            >
              <svg
                fill="none"
                height="16"
                stroke="currentColor"
                stroke-linecap="round"
                stroke-linejoin="round"
                stroke-width="2"
                viewBox="0 0 24 24"
                width="16"
                xmlns="http://www.w3.org/2000/svg"
              >
                <path
                  d="M3 9l9-7 9 7v11a2 2 0 0 1-2 2H5a2 2 0 0 1-2-2z"
                />
                <polyline
                  points="9 22 9 12 15 12 15 22"
                />
              </svg>
              Home
            </a>
          </li>
          <li
            class="sc-fzpans jtJThK"
          >
            <a
              class="c1"
            >
              <svg
                fill="none"
                height="16"
                stroke="currentColor"
                stroke-linecap="round"
                stroke-linejoin="round"
                stroke-width="2"
                viewBox="0 0 24 24"
                width="16"
                xmlns="http://www.w3.org/2000/svg"
              >
                <path
                  d="M18 8A6 6 0 0 0 6 8c0 7-3 9-3 9h18s-3-2-3-9"
                />
                <path
                  d="M13.73 21a2 2 0 0 1-3.46 0"
                />
              </svg>
              Notifications
            </a>
          </li>
        </ul>
      </div>
    </header>
    <footer
      class="sc-AxheI eMMtTn"
      role="contentinfo"
    >
      <ul
        class="sc-AxhUy jJQfXa"
      >
        <li
          class="sc-AxgMl fFPQpl"
        >
          <a
            class="c2"
            href="mailto:n33t5hin@gmail.com"
            rel="noopener noreferrer"
            target="_blank"
          >
            <svg
              fill="none"
              height="14"
              stroke="currentColor"
              stroke-linecap="round"
              stroke-linejoin="round"
              stroke-width="2"
              viewBox="0 0 24 24"
              width="14"
              xmlns="http://www.w3.org/2000/svg"
            >
              <path
                d="M4 4h16c1.1 0 2 .9 2 2v12c0 1.1-.9 2-2 2H4c-1.1 0-2-.9-2-2V6c0-1.1.9-2 2-2z"
              />
              <polyline
                points="22,6 12,13 2,6"
              />
            </svg>
            Contact
          </a>
        </li>
        <li
          class="sc-AxgMl fFPQpl"
        >
          <a
            class="c2"
            href="https://github.com/neet/visible"
            rel="noopener noreferrer"
            target="_blank"
          >
            <svg
              fill="none"
              height="14"
              stroke="currentColor"
              stroke-linecap="round"
              stroke-linejoin="round"
              stroke-width="2"
              viewBox="0 0 24 24"
              width="14"
              xmlns="http://www.w3.org/2000/svg"
            >
              <path
                d="M9 19c-5 1.5-5-2.5-7-3m14 6v-3.87a3.37 3.37 0 0 0-.94-2.61c3.14-.35 6.44-1.54 6.44-7A5.44 5.44 0 0 0 20 4.77 5.07 5.07 0 0 0 19.91 1S18.73.65 16 2.48a13.38 13.38 0 0 0-7 0C6.27.65 5.09 1 5.09 1A5.07 5.07 0 0 0 5 4.77a5.44 5.44 0 0 0-1.5 3.78c0 5.42 3.3 6.61 6.44 7A3.37 3.37 0 0 0 9 18.13V22"
              />
            </svg>
            GitHub
          </a>
        </li>
        <li
          class="sc-AxgMl fFPQpl"
        >
          <a
            class="c2"
            href="https://twitter.com/TheGodOfNeet"
            rel="noopener noreferrer"
            target="_blank"
          >
            <svg
              fill="none"
              height="14"
              stroke="currentColor"
              stroke-linecap="round"
              stroke-linejoin="round"
              stroke-width="2"
              viewBox="0 0 24 24"
              width="14"
              xmlns="http://www.w3.org/2000/svg"
            >
              <path
                d="M23 3a10.9 10.9 0 0 1-3.14 1.53 4.48 4.48 0 0 0-7.86 3v1A10.66 10.66 0 0 1 3 4s-4 9 5 13a11.64 11.64 0 0 1-7 2c9 5 20 0 20-11.5a4.5 4.5 0 0 0-.08-.83A7.72 7.72 0 0 0 23 3z"
              />
            </svg>
            Twitter
          </a>
        </li>
      </ul>
    </footer>
  </div>
</div>
`;
