// Jest Snapshot v1, https://goo.gl/fbAQLP

exports[`NotFound matches to the snapshot 1`] = `
<div>
  <main
    class="sc-Axmtr LSOvs"
  >
    <h1
      class="sc-fznZeY jOdKoG"
    >
      503: 
      name
    </h1>
    <p
      class="sc-fznZeY Cnwrk"
    >
      message
    </p>
    <pre
      style="display: block; overflow-x: auto; padding: 0.5em; background: rgb(240, 240, 240); color: rgb(68, 68, 68);"
    >
      <code>
        <span
          style="font-weight: bold;"
        >
          foo
        </span>
      </code>
    </pre>
  </main>
</div>
`;
