// Jest Snapshot v1, https://goo.gl/fbAQLP

exports[`NotFound matches to the snapshot 1`] = `
<div>
  <main
    class="w-full"
  >
    <div
      class="flex flex-wrap w-full mx-auto box-border p-3 md:max-w-screen-md lg:max-w-screen-lg xl:max-w-screen-xl"
    >
      <article
        class="flex-1"
      >
        <h1
          class="font-bold text-6xl"
        >
          You hit the void!
        </h1>
        <p
          class="text-base mb-4"
        >
          The page you were looking for was not found. You can
           
          <a
            class="text-primary-500 hover:underline"
            href="/"
          >
            go back to home
          </a>
           or
           
          <a
            class="text-primary-500 hover:underline"
            href="/search"
          >
            search contents
          </a>
        </p>
        <img
          alt="You hit the void!"
          class="object-contain w-1/6 m-auto"
          src="/static/404.png"
        />
      </article>
    </div>
  </main>
</div>
`;
