// Jest Snapshot v1, https://goo.gl/fbAQLP

exports[`App matches to the snapshot 1`] = `
.c1 {
  display: -webkit-box;
  display: -webkit-flex;
  display: -ms-flexbox;
  display: flex;
  -webkit-align-items: center;
  -webkit-box-align: center;
  -ms-flex-align: center;
  align-items: center;
  -webkit-box-pack: justify;
  -webkit-justify-content: space-between;
  -ms-flex-pack: justify;
  justify-content: space-between;
  width: 1080px;
  margin: auto;
  color: white;
}

.c0 {
  background-color: #FF8C00;
  box-shadow: 0 0 3px rgba(255,140,0,0.84);
}

.c8 {
  list-style-type: disc;
}

.c6 {
  -webkit-transition: 0.15s ease-out;
  transition: 0.15s ease-out;
  opacity: 0.5;
  font-size: 12px;
}

.c6 a {
  color: #666666;
}

.c6 .c7 {
  display: -webkit-box;
  display: -webkit-flex;
  display: -ms-flexbox;
  display: flex;
  -webkit-box-pack: space-around;
  -webkit-justify-content: space-around;
  -ms-flex-pack: space-around;
  justify-content: space-around;
  width: 1080px;
  margin: auto;
  padding: 0;
  list-style: none;
}

.c6:hover,
.c6:focus {
  -webkit-transition: 0.15s ease-in;
  transition: 0.15s ease-in;
  opacity: 1;
}

.c3 {
  display: -webkit-box;
  display: -webkit-flex;
  display: -ms-flexbox;
  display: flex;
  margin: 0;
  padding: 0;
  list-style: none;
}

.c4 {
  display: -webkit-box;
  display: -webkit-flex;
  display: -ms-flexbox;
  display: flex;
  margin: 0 18px;
  font-weight: bold;
}

.c4:last-child {
  margin-right: 0;
}

.c4 > a {
  display: block;
  box-sizing: border-box;
  padding: 12px 0px;
  -webkit-transition: 0.15s ease-out;
  transition: 0.15s ease-out;
  color: rgba(255,255,255,0.6);
}

.c4 > a:hover {
  color: rgba(255,255,255,0.4);
  -webkit-text-decoration: none;
  text-decoration: none;
}

.c4 > a. {
  color: rgba(255,255,255,1);
}

.c4 > a. .sc-fzoLsD {
  visibility: display;
}

.c2 {
  margin: 0;
  font-size: 21px;
}

.c2 img {
  display: -webkit-box;
  display: -webkit-flex;
  display: -ms-flexbox;
  display: flex;
  height: 1.5em;
  place-content: center;
  -webkit-transition: 0.15s ease-out;
  transition: 0.15s ease-out;
}

.c2 a:hover > img {
  -webkit-transition: 0.15s ease-in;
  transition: 0.15s ease-in;
  opacity: 0.8;
}

.c5 {
  display: -webkit-box !important;
  display: -webkit-flex !important;
  display: -ms-flexbox !important;
  display: flex !important;
  -webkit-align-items: center;
  -webkit-box-align: center;
  -ms-flex-align: center;
  align-items: center;
}

.c5 svg {
  margin-right: 0.5em;
}

.c9 {
  display: -webkit-box;
  display: -webkit-flex;
  display: -ms-flexbox;
  display: flex;
  -webkit-align-items: center;
  -webkit-box-align: center;
  -ms-flex-align: center;
  align-items: center;
  padding: 24px 0;
}

.c9 svg {
  margin-right: 0.5em;
}

<div>
  <div
    role="application"
  >
    <header
      class="c0"
    >
      <div
        class="c1"
      >
        <h1
          class="c2"
        >
          <a
            href="/"
          >
            <img
              alt="Visible"
              src="/static/logo-white.png"
            />
          </a>
        </h1>
        <ul
          class="c3"
        >
          <li
            class="c4"
          >
            <a
              class="c5"
            >
              <svg
                fill="none"
                height="16"
                stroke="currentColor"
                stroke-linecap="round"
                stroke-linejoin="round"
                stroke-width="2"
                viewBox="0 0 24 24"
                width="16"
                xmlns="http://www.w3.org/2000/svg"
              >
                <path
                  d="M3 9l9-7 9 7v11a2 2 0 0 1-2 2H5a2 2 0 0 1-2-2z"
                />
                <polyline
                  points="9 22 9 12 15 12 15 22"
                />
              </svg>
              Home
            </a>
          </li>
          <li
            class="c4"
          >
            <a
              class="c5"
            >
              <svg
                fill="none"
                height="16"
                stroke="currentColor"
                stroke-linecap="round"
                stroke-linejoin="round"
                stroke-width="2"
                viewBox="0 0 24 24"
                width="16"
                xmlns="http://www.w3.org/2000/svg"
              >
                <path
                  d="M18 8A6 6 0 0 0 6 8c0 7-3 9-3 9h18s-3-2-3-9"
                />
                <path
                  d="M13.73 21a2 2 0 0 1-3.46 0"
                />
              </svg>
              Notifications
            </a>
          </li>
        </ul>
      </div>
    </header>
    <footer
      class="c6"
      role="contentinfo"
    >
      <ul
        class="c7 c8"
      >
        <li
          class=""
        >
          <a
            class="c9"
            href="mailto:n33t5hin@gmail.com"
            rel="noopener noreferrer"
            target="_blank"
          >
            <svg
              fill="none"
              height="14"
              stroke="currentColor"
              stroke-linecap="round"
              stroke-linejoin="round"
              stroke-width="2"
              viewBox="0 0 24 24"
              width="14"
              xmlns="http://www.w3.org/2000/svg"
            >
              <path
                d="M4 4h16c1.1 0 2 .9 2 2v12c0 1.1-.9 2-2 2H4c-1.1 0-2-.9-2-2V6c0-1.1.9-2 2-2z"
              />
              <polyline
                points="22,6 12,13 2,6"
              />
            </svg>
            Contact
          </a>
        </li>
        <li
          class=""
        >
          <a
            class="c9"
            href="https://github.com/visible/visible"
            rel="noopener noreferrer"
            target="_blank"
          >
            <svg
              fill="none"
              height="14"
              stroke="currentColor"
              stroke-linecap="round"
              stroke-linejoin="round"
              stroke-width="2"
              viewBox="0 0 24 24"
              width="14"
              xmlns="http://www.w3.org/2000/svg"
            >
              <path
                d="M9 19c-5 1.5-5-2.5-7-3m14 6v-3.87a3.37 3.37 0 0 0-.94-2.61c3.14-.35 6.44-1.54 6.44-7A5.44 5.44 0 0 0 20 4.77 5.07 5.07 0 0 0 19.91 1S18.73.65 16 2.48a13.38 13.38 0 0 0-7 0C6.27.65 5.09 1 5.09 1A5.07 5.07 0 0 0 5 4.77a5.44 5.44 0 0 0-1.5 3.78c0 5.42 3.3 6.61 6.44 7A3.37 3.37 0 0 0 9 18.13V22"
              />
            </svg>
            GitHub
          </a>
        </li>
        <li
          class=""
        >
          <a
            class="c9"
            href="https://twitter.com/TheGodOfNeet"
            rel="noopener noreferrer"
            target="_blank"
          >
            <svg
              fill="none"
              height="14"
              stroke="currentColor"
              stroke-linecap="round"
              stroke-linejoin="round"
              stroke-width="2"
              viewBox="0 0 24 24"
              width="14"
              xmlns="http://www.w3.org/2000/svg"
            >
              <path
                d="M23 3a10.9 10.9 0 0 1-3.14 1.53 4.48 4.48 0 0 0-7.86 3v1A10.66 10.66 0 0 1 3 4s-4 9 5 13a11.64 11.64 0 0 1-7 2c9 5 20 0 20-11.5a4.5 4.5 0 0 0-.08-.83A7.72 7.72 0 0 0 23 3z"
              />
            </svg>
            Twitter
          </a>
        </li>
      </ul>
    </footer>
  </div>
</div>
`;
