// Jest Snapshot v1, https://goo.gl/fbAQLP

exports[`NotFound matches to the snapshot 1`] = `
<div>
  <main
    class="w-full"
  >
    <div
      class="flex flex-wrap w-full mx-auto p-4 md:max-w-screen-md lg:max-w-screen-lg xl:max-w-screen-xl"
    >
      <article
        class="flex-1"
      >
        <h1
          class="font-bold text-6xl"
        >
          503: 
          name
        </h1>
        <p
          class="text-base"
        >
          message
        </p>
        <samp>
          foo
        </samp>
      </article>
    </div>
  </main>
</div>
`;
