// Jest Snapshot v1, https://goo.gl/fbAQLP

exports[`Progress matches snapshot 1`] = `
<div
  class="inline-flex w-full items-center"
>
  <div
    class="rounded-full h-2 bg-gray-300 flex-grow mr-2"
  >
    <div
      aria-hidden="true"
      class="bg-primary-500 rounded-full h-full"
      style="width: 50%;"
    />
    <progress
      class="sr-only"
      max="10"
      value="5"
    />
  </div>
  <span
    aria-hidden="true"
    class="text-sm text-gray-600"
  >
    50
    %
  </span>
</div>
`;
