// Jest Snapshot v1, https://goo.gl/fbAQLP

exports[`Widget matches snapshot 1`] = `
<div
  aria-labelledby="test"
  role="region"
>
  <div
    id="test"
  >
    Hello
  </div>
  <div
    class="py-2"
  >
    this is the content
  </div>
</div>
`;
