// Jest Snapshot v1, https://goo.gl/fbAQLP

exports[`Banner matches to the snapshot 1`] = `
<div>
  <header
    class="bg-primary-500"
  >
    <div
      class="flex flex-wrap w-full mx-auto p-4 md:max-w-screen-md lg:max-w-screen-lg xl:max-w-screen-xl"
    >
      <div
        class="flex w-full justify-between"
      >
        <div>
          <h1
            class="font-bold text-6xl"
          >
            <a
              href="/"
            >
              <div
                class="flex items-center"
              >
                <img
                  alt="Visible"
                  class="object-contain"
                  src="/static/logo-white.png"
                  style="height: 30px;"
                />
                <span
                  class="border rounded border-white text-xs text-white p-1 font-normal ml-2"
                >
                  Insider Preview - 
                  0.2.0
                </span>
              </div>
            </a>
          </h1>
        </div>
        <div>
          <nav>
            <ul
              class="flex flex-row space-x-4"
            >
              <li>
                <a
                  class="p-2 rounded text-sm font-semibold space-x-2 text-white hover:bg-primary-600"
                  href="/"
                >
                  <span>
                    <svg
                      aria-hidden="true"
                      class="svg-inline--fa fa-home fa-w-18 "
                      data-icon="home"
                      data-prefix="fas"
                      focusable="false"
                      role="img"
                      viewBox="0 0 576 512"
                      xmlns="http://www.w3.org/2000/svg"
                    >
                      <path
                        d="M280.37 148.26L96 300.11V464a16 16 0 0 0 16 16l112.06-.29a16 16 0 0 0 15.92-16V368a16 16 0 0 1 16-16h64a16 16 0 0 1 16 16v95.64a16 16 0 0 0 16 16.05L464 480a16 16 0 0 0 16-16V300L295.67 148.26a12.19 12.19 0 0 0-15.3 0zM571.6 251.47L488 182.56V44.05a12 12 0 0 0-12-12h-56a12 12 0 0 0-12 12v72.61L318.47 43a48 48 0 0 0-61 0L4.34 251.47a12 12 0 0 0-1.6 16.9l25.5 31A12 12 0 0 0 45.15 301l235.22-193.74a12.19 12.19 0 0 1 15.3 0L530.9 301a12 12 0 0 0 16.9-1.6l25.5-31a12 12 0 0 0-1.7-16.93z"
                        fill="currentColor"
                      />
                    </svg>
                  </span>
                  <span>
                    Home
                  </span>
                </a>
              </li>
              <li>
                <a
                  class="p-2 rounded text-sm font-semibold space-x-2 text-white hover:bg-primary-600"
                  href="/rules"
                >
                  <span>
                    <svg
                      aria-hidden="true"
                      class="svg-inline--fa fa-bell fa-w-14 "
                      data-icon="bell"
                      data-prefix="fas"
                      focusable="false"
                      role="img"
                      viewBox="0 0 448 512"
                      xmlns="http://www.w3.org/2000/svg"
                    >
                      <path
                        d="M224 512c35.32 0 63.97-28.65 63.97-64H160.03c0 35.35 28.65 64 63.97 64zm215.39-149.71c-19.32-20.76-55.47-51.99-55.47-154.29 0-77.7-54.48-139.9-127.94-155.16V32c0-17.67-14.32-32-31.98-32s-31.98 14.33-31.98 32v20.84C118.56 68.1 64.08 130.3 64.08 208c0 102.3-36.15 133.53-55.47 154.29-6 6.45-8.66 14.16-8.61 21.71.11 16.4 12.98 32 32.1 32h383.8c19.12 0 32-15.6 32.1-32 .05-7.55-2.61-15.27-8.61-21.71z"
                        fill="currentColor"
                      />
                    </svg>
                  </span>
                  <span>
                    Rules
                  </span>
                </a>
              </li>
            </ul>
          </nav>
        </div>
      </div>
    </div>
  </header>
</div>
`;
