// Jest Snapshot v1, https://goo.gl/fbAQLP

exports[`Input matches snapshot 1`] = `
.c0 {
  box-sizing: border-box;
  padding: 8px 14px;
  -webkit-transition: 0.15s ease-in;
  transition: 0.15s ease-in;
  border: 1px solid #e6e6e6;
  border-radius: 4px;
  font-size: 14px;
}

.c0:focus {
  -webkit-transition: 0.15s ease-out;
  transition: 0.15s ease-out;
  border-color: #FF8C00;
  outline: none;
  box-shadow: 0 0 0 3px rgba(255,140,0,0.4);
}

.c0:disabled {
  opacity: 0.5;
  cursor: not-allowed;
}

<input
  class="c0"
/>
`;
