// Jest Snapshot v1, https://goo.gl/fbAQLP

exports[`Typography matches snapshot 1`] = `
<h4
  class="font-bold text-3xl"
>
  Hello world
</h4>
`;
