// Jest Snapshot v1, https://goo.gl/fbAQLP

exports[`Tag matches snapshot 1`] = `
<span
  class="bg-primary-300 text-primary-500 px-2 py-1 rounded text-xs whitespace-no-wrap"
>
  foo
</span>
`;
