// Jest Snapshot v1, https://goo.gl/fbAQLP

exports[`Select matches snapshot 1`] = `
<div
  class="relative text-sm text-gray-700"
>
  <select
    class="appearance-none py-1 px-2 border rounded w-64 text-left border-gray-400 cursor-pointer"
  >
    foo
  </select>
  <svg
    aria-hidden="true"
    class="svg-inline--fa fa-chevron-down fa-w-14 absolute top-0 right-0 bottom-0 m-auto mr-2"
    data-icon="chevron-down"
    data-prefix="fas"
    focusable="false"
    role="img"
    viewBox="0 0 448 512"
    xmlns="http://www.w3.org/2000/svg"
  >
    <path
      d="M207.029 381.476L12.686 187.132c-9.373-9.373-9.373-24.569 0-33.941l22.667-22.667c9.357-9.357 24.522-9.375 33.901-.04L224 284.505l154.745-154.021c9.379-9.335 24.544-9.317 33.901.04l22.667 22.667c9.373 9.373 9.373 24.569 0 33.941L240.971 381.476c-9.373 9.372-24.569 9.372-33.942 0z"
      fill="currentColor"
    />
  </svg>
</div>
`;
